// Vitest Snapshot v1, https://vitest.dev/guide/snapshot.html

exports[`veTable cell span > render 1`] = `
<div class="vue-table-root">
  <div style="width: 100%;" class="ve-table ve-table-border-around">
    <div class="ve-table-container" style="height: 0px;">
      <!---->
      <div class="ve-table-content-wrapper">
        <table class="ve-table-content ve-table-border-x">
          <colgroup>
            <col style="width: 200px;">
            <col style="width: 200px;">
            <col style="width: 200px;">
            <col>
          </colgroup>
          <thead class="ve-table-fixed-header ve-table-header">
            <tr class="ve-table-header-tr">
              <th style="text-align: center; top: 0px;" class="ve-table-header-th" rowspan="1" colspan="1">
                <!---->Name
                <!---->
                <!---->
                <!---->
              </th>
              <th style="text-align: left; top: 0px;" class="ve-table-header-th" rowspan="1" colspan="1">
                <!---->Date
                <!---->
                <!---->
                <!---->
              </th>
              <th style="text-align: right; top: 0px;" class="ve-table-header-th" rowspan="1" colspan="1">
                <!---->Hobby
                <!---->
                <!---->
                <!---->
              </th>
              <th style="text-align: center; top: 0px;" class="ve-table-header-th ve-table-last-column" rowspan="1" colspan="1">
                <!---->Address
                <!---->
                <!---->
                <!---->
              </th>
            </tr>
          </thead>
          <tbody class="ve-table-body ve-table-row-hover ve-table-row-highlight">
            <tr style="height: 0px;">
              <td style="padding: 0px; border: 0px; height: 0px;">
                <!---->
              </td>
              <td style="padding: 0px; border: 0px; height: 0px;">
                <!---->
              </td>
              <td style="padding: 0px; border: 0px; height: 0px;">
                <!---->
              </td>
              <td style="padding: 0px; border: 0px; height: 0px;">
                <!---->
              </td>
            </tr>
            <tr class="ve-table-body-tr">
              <td class="ve-table-body-td" style="text-align: center;" rowspan="1" colspan="1" col-key="a">
                <!---->
                <!---->
                <!---->John
              </td>
              <td class="ve-table-body-td" style="text-align: left;" rowspan="1" colspan="1" col-key="b">
                <!---->
                <!---->
                <!---->1900-05-20
              </td>
              <td class="ve-table-body-td" style="text-align: right;" rowspan="1" colspan="1" col-key="c">
                <!---->
                <!---->
                <!---->coding
              </td>
              <td class="ve-table-body-td" style="text-align: center;" rowspan="1" colspan="1" col-key="d">
                <!---->
                <!---->
                <!---->No.1 Century Avenue, Shanghai
              </td>
            </tr>
            <!---->
            <tr class="ve-table-body-tr">
              <td class="ve-table-body-td" style="text-align: center;" rowspan="2" colspan="1" col-key="a">
                <!---->
                <!---->
                <!----><span style="color: rgb(24, 144, 255);">this is custom content</span>
              </td>
              <td class="ve-table-body-td" style="text-align: left;" rowspan="1" colspan="2" col-key="b">
                <!---->
                <!---->
                <!----><span style="color: rgb(24, 144, 255);">this is custom content</span>
              </td>
              <!---->
              <td class="ve-table-body-td" style="text-align: center;" rowspan="1" colspan="1" col-key="d">
                <!---->
                <!---->
                <!---->No.1 Century Avenue, Beijing
              </td>
            </tr>
            <!---->
            <tr class="ve-table-body-tr">
              <!---->
              <td class="ve-table-body-td" style="text-align: left;" rowspan="1" colspan="1" col-key="b">
                <!---->
                <!---->
                <!---->2000-07-20
              </td>
              <td class="ve-table-body-td" style="text-align: right;" rowspan="1" colspan="1" col-key="c">
                <!---->
                <!---->
                <!---->coding and coding repeat
              </td>
              <td class="ve-table-body-td" style="text-align: center;" rowspan="1" colspan="1" col-key="d">
                <!---->
                <!---->
                <!---->No.1 Century Avenue, Chongqing
              </td>
            </tr>
            <!---->
            <tr class="ve-table-body-tr">
              <td class="ve-table-body-td" style="text-align: center;" rowspan="1" colspan="1" col-key="a">
                <!---->
                <!---->
                <!---->Geneva
              </td>
              <td class="ve-table-body-td" style="text-align: left;" rowspan="1" colspan="1" col-key="b">
                <!---->
                <!---->
                <!---->2010-08-20
              </td>
              <td class="ve-table-body-td" style="text-align: right;" rowspan="1" colspan="1" col-key="c">
                <!---->
                <!---->
                <!---->coding and coding repeat
              </td>
              <td class="ve-table-body-td" style="text-align: center;" rowspan="1" colspan="1" col-key="d">
                <!---->
                <!---->
                <!---->No.1 Century Avenue, Xiamen
              </td>
            </tr>
            <!---->
            <tr class="ve-table-body-tr">
              <td class="ve-table-body-td" style="text-align: center;" rowspan="1" colspan="1" col-key="a">
                <!---->
                <!---->
                <!---->Jami
              </td>
              <td class="ve-table-body-td" style="text-align: left;" rowspan="1" colspan="1" col-key="b">
                <!---->
                <!---->
                <!---->2020-09-20
              </td>
              <td class="ve-table-body-td" style="text-align: right;" rowspan="1" colspan="1" col-key="c">
                <!---->
                <!---->
                <!---->coding and coding repeat
              </td>
              <td class="ve-table-body-td" style="text-align: center;" rowspan="1" colspan="1" col-key="d">
                <!---->
                <!---->
                <!---->No.1 Century Avenue, Shenzhen
              </td>
            </tr>
            <!---->
          </tbody>
          <tfoot class="ve-table-fixed-footer ve-table-footer">
            <tr class="ve-table-footer-tr">
              <td class="ve-table-footer-td" style="text-align: center; bottom: 0px;" rowspan="1" colspan="1">平均值</td>
              <td class="ve-table-footer-td" style="text-align: left; bottom: 0px;" rowspan="1" colspan="2">213</td>
              <!---->
              <td class="ve-table-footer-td" style="text-align: center; bottom: 0px;" rowspan="1" colspan="1">189</td>
            </tr>
            <tr class="ve-table-footer-tr">
              <td class="ve-table-footer-td" style="text-align: center; bottom: 0px;" rowspan="1" colspan="1">汇总值</td>
              <td class="ve-table-footer-td" style="text-align: left; bottom: 0px;" rowspan="1" colspan="1">1780</td>
              <td class="ve-table-footer-td" style="text-align: right; bottom: 0px;" rowspan="1" colspan="1">890</td>
              <td class="ve-table-footer-td" style="text-align: center; bottom: 0px;" rowspan="1" colspan="1">2988</td>
            </tr>
          </tfoot>
        </table>
        <!---->
      </div>
    </div>
    <!---->
    <!---->
    <!---->
  </div>
</div>
`;
