// Vitest Snapshot v1, https://vitest.dev/guide/snapshot.html

exports[`veTable column width > renders normal 1`] = `
<div class="vue-table-root">
  <div style="width: 100%;" class="ve-table ve-table-border-around">
    <div class="ve-table-container" style="height: 0px;">
      <!---->
      <div class="ve-table-content-wrapper">
        <table class="ve-table-content ve-table-border-x">
          <colgroup>
            <col style="width: 400px;">
            <col style="width: 200px;">
            <col style="width: 200px;">
            <col style="width: 200px;">
          </colgroup>
          <thead class="ve-table-fixed-header ve-table-header">
            <tr class="ve-table-header-tr">
              <th style="text-align: center; top: 0px;" class="ve-table-header-th" rowspan="1" colspan="1">
                <!---->Name
                <!---->
                <!---->
                <!---->
              </th>
              <th style="text-align: left; top: 0px;" class="ve-table-header-th" rowspan="1" colspan="1">
                <!---->Date
                <!---->
                <!---->
                <!---->
              </th>
              <th style="text-align: right; top: 0px;" class="ve-table-header-th" rowspan="1" colspan="1">
                <!---->Hobby
                <!---->
                <!---->
                <!---->
              </th>
              <th style="text-align: center; top: 0px;" class="ve-table-header-th ve-table-last-column" rowspan="1" colspan="1">
                <!---->Address
                <!---->
                <!---->
                <!---->
              </th>
            </tr>
          </thead>
          <tbody class="ve-table-body ve-table-row-hover ve-table-row-highlight">
            <tr style="height: 0px;">
              <td style="padding: 0px; border: 0px; height: 0px;">
                <!---->
              </td>
              <td style="padding: 0px; border: 0px; height: 0px;">
                <!---->
              </td>
              <td style="padding: 0px; border: 0px; height: 0px;">
                <!---->
              </td>
              <td style="padding: 0px; border: 0px; height: 0px;">
                <!---->
              </td>
            </tr>
            <tr class="ve-table-body-tr">
              <td class="ve-table-body-td" style="text-align: center;" rowspan="1" colspan="1" col-key="a">
                <!---->
                <!---->
                <!---->John
              </td>
              <td class="ve-table-body-td" style="text-align: left;" rowspan="1" colspan="1" col-key="b">
                <!---->
                <!---->
                <!---->1900-05-20
              </td>
              <td class="ve-table-body-td" style="text-align: right;" rowspan="1" colspan="1" col-key="c">
                <!---->
                <!---->
                <!---->coding and coding repeat
              </td>
              <td class="ve-table-body-td" style="text-align: center;" rowspan="1" colspan="1" col-key="d">
                <!---->
                <!---->
                <!---->No.1 Century Avenue, Shanghai
              </td>
            </tr>
            <!---->
            <tr class="ve-table-body-tr">
              <td class="ve-table-body-td" style="text-align: center;" rowspan="1" colspan="1" col-key="a">
                <!---->
                <!---->
                <!---->Dickerson
              </td>
              <td class="ve-table-body-td" style="text-align: left;" rowspan="1" colspan="1" col-key="b">
                <!---->
                <!---->
                <!---->1910-06-20
              </td>
              <td class="ve-table-body-td" style="text-align: right;" rowspan="1" colspan="1" col-key="c">
                <!---->
                <!---->
                <!---->coding and coding repeat
              </td>
              <td class="ve-table-body-td" style="text-align: center;" rowspan="1" colspan="1" col-key="d">
                <!---->
                <!---->
                <!---->No.1 Century Avenue, Beijing
              </td>
            </tr>
            <!---->
            <tr class="ve-table-body-tr">
              <td class="ve-table-body-td" style="text-align: center;" rowspan="1" colspan="1" col-key="a">
                <!---->
                <!---->
                <!---->Larsen
              </td>
              <td class="ve-table-body-td" style="text-align: left;" rowspan="1" colspan="1" col-key="b">
                <!---->
                <!---->
                <!---->2000-07-20
              </td>
              <td class="ve-table-body-td" style="text-align: right;" rowspan="1" colspan="1" col-key="c">
                <!---->
                <!---->
                <!---->coding and coding repeat
              </td>
              <td class="ve-table-body-td" style="text-align: center;" rowspan="1" colspan="1" col-key="d">
                <!---->
                <!---->
                <!---->No.1 Century Avenue, Chongqing
              </td>
            </tr>
            <!---->
            <tr class="ve-table-body-tr">
              <td class="ve-table-body-td" style="text-align: center;" rowspan="1" colspan="1" col-key="a">
                <!---->
                <!---->
                <!---->Geneva
              </td>
              <td class="ve-table-body-td" style="text-align: left;" rowspan="1" colspan="1" col-key="b">
                <!---->
                <!---->
                <!---->2010-08-20
              </td>
              <td class="ve-table-body-td" style="text-align: right;" rowspan="1" colspan="1" col-key="c">
                <!---->
                <!---->
                <!---->coding and coding repeat
              </td>
              <td class="ve-table-body-td" style="text-align: center;" rowspan="1" colspan="1" col-key="d">
                <!---->
                <!---->
                <!---->No.1 Century Avenue, Xiamen
              </td>
            </tr>
            <!---->
            <tr class="ve-table-body-tr">
              <td class="ve-table-body-td" style="text-align: center;" rowspan="1" colspan="1" col-key="a">
                <!---->
                <!---->
                <!---->Jami
              </td>
              <td class="ve-table-body-td" style="text-align: left;" rowspan="1" colspan="1" col-key="b">
                <!---->
                <!---->
                <!---->2020-09-20
              </td>
              <td class="ve-table-body-td" style="text-align: right;" rowspan="1" colspan="1" col-key="c">
                <!---->
                <!---->
                <!---->coding and coding repeat
              </td>
              <td class="ve-table-body-td" style="text-align: center;" rowspan="1" colspan="1" col-key="d">
                <!---->
                <!---->
                <!---->No.1 Century Avenue, Shenzhen
              </td>
            </tr>
            <!---->
          </tbody>
          <tfoot class="ve-table-fixed-footer ve-table-footer"></tfoot>
        </table>
        <!---->
      </div>
    </div>
    <!---->
    <!---->
    <!---->
  </div>
</div>
`;
